// Jest Snapshot v1, https://goo.gl/fbAQLP

exports[`SecurityPage matches snapshot 1`] = `
<Page
  authInfoError={null}
  logoutError={null}
  scrollingDisabled={false}
  title="Security"
>
  <withRouter(Connect(TopbarContainerComponent)) />
</Page>
`;
