exports[`Modal no extra classes when window is missing 1`] = `
<div
  className="test-class-from-props">
  <div
    className={undefined}>
    Content
  </div>
</div>
`;
