// Jest Snapshot v1, https://goo.gl/fbAQLP

exports[`ContactDetailsPage matches snapshot 1`] = `
<Page
  logoutError={null}
  scrollingDisabled={false}
  title="Profile settings"
>
  <LayoutSingleColumn
    className={null}
    rootClassName={null}
  >
    <LayoutWrapperTopbar
      className={null}
      rootClassName={null}
    >
      <withRouter(Connect(TopbarContainerComponent))
        currentPage="ProfileSettingsPage"
      />
      <UserNav
        className={null}
        rootClassName={null}
        selectedPageName="ProfileSettingsPage"
      />
    </LayoutWrapperTopbar>
    <LayoutWrapperMain
      className={null}
      rootClassName={null}
    >
      <div>
        <h1>
          <FormattedMessage
            id="ProfileSettingsPage.title"
            values={Object {}}
          />
        </h1>
      </div>
    </LayoutWrapperMain>
    <LayoutWrapperFooter
      className={null}
      rootClassName={null}
    >
      <InjectIntl(Footer) />
    </LayoutWrapperFooter>
  </LayoutSingleColumn>
</Page>
`;
