// Jest Snapshot v1, https://goo.gl/fbAQLP

exports[`SignupForm matches snapshot 1`] = `
<form
  action="/"
  className=""
  method="post"
  onSubmit={[Function]}
>
  <div>
    <div
      className=""
    >
      <label
        htmlFor="SignupForm.email"
      >
        Email
      </label>
      <input
        className=""
        id="SignupForm.email"
        name="email"
        onBlur={[Function]}
        onChange={[Function]}
        onDragStart={[Function]}
        onDrop={[Function]}
        onFocus={[Function]}
        placeholder="john.doe@example.com"
        type="email"
        value=""
      />
    </div>
    <div
      className={undefined}
    >
      <div
        className=""
      >
        <label
          htmlFor="SignupForm.firstName"
        >
          First name
        </label>
        <input
          className=""
          id="SignupForm.firstName"
          name="firstName"
          onBlur={[Function]}
          onChange={[Function]}
          onDragStart={[Function]}
          onDrop={[Function]}
          onFocus={[Function]}
          placeholder="John"
          type="text"
          value=""
        />
      </div>
      <div
        className=""
      >
        <label
          htmlFor="SignupForm.lastName"
        >
          Last name
        </label>
        <input
          className=""
          id="SignupForm.lastName"
          name="lastName"
          onBlur={[Function]}
          onChange={[Function]}
          onDragStart={[Function]}
          onDrop={[Function]}
          onFocus={[Function]}
          placeholder="Doe"
          type="text"
          value=""
        />
      </div>
    </div>
    <div
      className=""
    >
      <label
        htmlFor="SignupForm.password"
      >
        Password
      </label>
      <input
        className=""
        id="SignupForm.password"
        name="password"
        onBlur={[Function]}
        onChange={[Function]}
        onDragStart={[Function]}
        onDrop={[Function]}
        onFocus={[Function]}
        placeholder="Enter your passwordâ€¦"
        type="password"
        value=""
      />
    </div>
  </div>
  <div
    className={undefined}
  >
    <button
      className=""
      disabled={true}
      type="submit"
    >
      <span>
        Sign up
      </span>
    </button>
  </div>
</form>
`;
