exports[`ListingCard matches snapshot 1`] = `
<div>
  <div>
    <div>
      <img
        alt="Listing Title"
        src="http://placehold.it/400x300" />
    </div>
  </div>
  <div>
    <div>
      <withFlattenedRoutes(withRouter(NamedLink))
        name="ListingPage"
        params={
          Object {
            "id": "some-id",
            "slug": "Banyan-Studios",
          }
        }>
        Banyan Studios
      </withFlattenedRoutes(withRouter(NamedLink))>
      <div>
        55€ / day
      </div>
    </div>
    <div>
      Organic Music Production in a Sustainable, Ethical and Professional Studio.
    </div>
    <div>
      <div>
        New York, NY • 40mi away
      </div>
      <div>
        (
        <span>
          4
        </span>
        <span>
          /5
        </span>
        )
         
        <span>
          8 reviews
        </span>
      </div>
    </div>
    <hr />
    <div>
      <div>
        <img
          alt="The Stardust Collective"
          src="http://placehold.it/44x44" />
      </div>
      <div>
        <span>
          The Stardust Collective
        </span>
        <div>
          review: 
          <span>
            4
          </span>
          <span>
            /5
          </span>
        </div>
      </div>
    </div>
  </div>
</div>
`;
