exports[`PasswordForgottenForm matches snapshot 1`] = `
<form
  onSubmit={[Function]}>
  <label
    htmlFor="email">
    Email
  </label>
  <input
    name="email"
    onBlur={[Function]}
    onChange={[Function]}
    onDragStart={[Function]}
    onDrop={[Function]}
    onFocus={[Function]}
    type="email"
    value="" />
  <p>
    We will send you instructions to your email.
  </p>
  <button
    className=""
    disabled={true}
    type="submit">
    Send
  </button>
</form>
`;
