// Jest Snapshot v1, https://goo.gl/fbAQLP

exports[`MapPanel matches snapshot 1`] = `
<div>
  <div>
    Map
  </div>
  <div />
  <NamedLink
    name="SearchFiltersPage"
  >
    Filters
  </NamedLink>
  <NamedLink
    name="SearchListingsPage"
  >
    X
  </NamedLink>
</div>
`;
