// Jest Snapshot v1, https://goo.gl/fbAQLP

exports[`EditListingPoliciesForm matches snapshot 1`] = `
<Form
  className=""
  contentRef={null}
  onSubmit={[Function]}
>
  <TextInputField
    id="fakeTestForm.rules"
    label="EditListingPoliciesForm.rulesLabel"
    name="rules"
    placeholder="EditListingPoliciesForm.rulesPlaceholder"
    type="textarea"
  />
  <Button
    className={null}
    disabled={false}
    inProgress={false}
    ready={false}
    rootClassName={null}
    type="submit"
  >
    Save rules
  </Button>
</Form>
`;
