exports[`FilterPanel matches snapshot 1`] = `
<div>
  <h1>
    Filters
  </h1>
  <NamedLink
    name="SearchListingsPage">
    See studios
  </NamedLink>
  <NamedLink
    name="SearchListingsPage">
    X
  </NamedLink>
</div>
`;
