exports[`LandingPage matches snapshot 1`] = `
<withRouter(PageLayout)
  authInfoError={null}
  logoutError={null}
  scrollingDisabled={false}
  title="Landing page">
  <Topbar
    authInProgress={false}
    currentUser={null}
    currentUserHasListings={false}
    history={
      Object {
        "push": [Function],
      }
    }
    isAuthenticated={false}
    location={
      Object {
        "search": "",
      }
    }
    notificationCount={0}
    onLogout={[Function]}
    onManageDisableScrolling={[Function]} />
  <div>
    <HeroSection
      className={null}
      flattenedRoutes={Array []}
      history={
        Object {
          "push": [Function],
        }
      }
      location={
        Object {
          "search": "",
        }
      }
      rootClassName={null} />
  </div>
</withRouter(PageLayout)>
`;
