exports[`TopbarDesktop data matches snapshot 1`] = `
<nav
  className="">
  <a
    className="NamedLink_active"
    href="/"
    onClick={[Function]}
    style={Object {}}>
    <img
      alt="TopbarDesktop.logo"
      className={undefined}
      src="saunatime-logo.png" />
  </a>
  <form
    className=""
    onSubmit={[Function]}>
    <div
      className="">
      <div
        className="">
        <svg
          className={undefined}
          height="22"
          viewBox="0 0 21 22"
          width="21"
          xmlns="http://www.w3.org/2000/svg">
          <g
            className={undefined}
            fill="none"
            fillRule="evenodd"
            strokeLinecap="round"
            strokeLinejoin="round"
            strokeWidth="2"
            transform="matrix(-1 0 0 1 20 1)">
            <path
              d="M13 14l5.241 5.241" />
            <circle
              cx="7.5"
              cy="7.5"
              r="7.5" />
          </g>
        </svg>
      </div>
      <input
        autoComplete="off"
        autoFocus={false}
        className=""
        name="location"
        onBlur={[Function]}
        onChange={[Function]}
        onFocus={[Function]}
        onKeyDown={[Function]}
        placeholder="Search saunas..."
        type="search"
        value="" />
    </div>
  </form>
  <a
    className=""
    href="/l/new"
    onClick={[Function]}
    style={Object {}}>
    <span
      className={undefined}>
      <span>
        + Add your sauna
      </span>
    </span>
  </a>
  <a
    className=""
    href="/inbox/sales"
    onClick={[Function]}
    style={Object {}}>
    <span
      className={undefined}>
      <span>
        Inbox
      </span>
    </span>
  </a>
  <div
    className=""
    onBlur={[Function]}
    onKeyDown={[Function]}>
    <button
      className=""
      onClick={[Function]}>
      <div
        className=""
        title="">
        <span>
          
        </span>
      </div>
    </button>
    <div
      className=""
      style={Object {}}>
      <ul
        className="">
        <li
          className=""
          role="menuitem">
          <button
            className=""
            onClick={[Function]}>
            <span>
              Log out
            </span>
          </button>
        </li>
      </ul>
    </div>
  </div>
</nav>
`;
