exports[`ListingCardSmall matches snapshot 1`] = `
<div>
  <div>
    <div>
      <img
        alt="Listing Title"
        src="http://placehold.it/200x150" />
    </div>
  </div>
  <div>
    <withFlattenedRoutes(withRouter(NamedLink))
      name="ListingPage"
      params={
        Object {
          "id": "listing1",
          "slug": "listing1-title",
        }
      }>
      listing1 title
    </withFlattenedRoutes(withRouter(NamedLink))>
    <div>
      (
      <span>
        3
      </span>
      <span>
        /5
      </span>
      )
       
      <span>
        10
      </span>
    </div>
    <div>
      55â‚¬ / day
    </div>
  </div>
</div>
`;
