// Jest Snapshot v1, https://goo.gl/fbAQLP

exports[`EditListingPricingForm matches snapshot 1`] = `
<form
  action="/"
  className=""
  method="post"
  onSubmit={[Function]}
>
  <div
    className=""
  >
    <label
      htmlFor="EditListingPricingForm.FieldCurrencyInput"
    >
      EditListingPricingForm.pricePerUnit
    </label>
    <input
      autoFocus={true}
      className=""
      id="EditListingPricingForm.FieldCurrencyInput"
      onBlur={[Function]}
      onChange={[Function]}
      onFocus={[Function]}
      placeholder="EditListingPricingForm.priceInputPlaceholder"
      type="text"
      value=""
    />
  </div>
  <button
    className=""
    disabled={true}
    type="submit"
  >
    Save price
  </button>
</form>
`;
