exports[`ModalInMobile no extra classes when window is missing 1`] = `
<div
  className="test-class-from-props">
  <div
    className="">
    Content
  </div>
</div>
`;
