// Jest Snapshot v1, https://goo.gl/fbAQLP

exports[`ManageListingCard matches snapshot 1`] = `
<div
  className=""
  onClick={[Function]}
  tabIndex={0}
>
  <div>
    <div>
      <ResponsiveImage
        alt="listing1 title"
        className={null}
        image={null}
        noImageMessage={null}
        rootClassName={null}
        sizes={null}
        variants={
          Array [
            "landscape-crop",
            "landscape-crop2x",
          ]
        }
      />
    </div>
    <div
      className=""
    >
      <div
        className=""
      />
      <div>
        <FormattedMessage
          id="ManageListingCard.viewListing"
          values={Object {}}
        />
      </div>
    </div>
    <div>
      <div />
      <div>
        <Menu
          className="undefined"
          contentPlacementOffset={-12}
          contentPosition="left"
          isOpen={false}
          onToggleActive={[Function]}
          rootClassName=""
          useArrow={false}
        >
          <MenuLabel
            className={null}
            isOpen={false}
            isOpenClassName={null}
            onToggleActive={null}
            rootClassName=""
          >
            <div>
              <MenuIcon
                className={null}
                isActive={false}
              />
            </div>
          </MenuLabel>
          <MenuContent
            arrowPosition={null}
            className={null}
            contentClassName={null}
            contentRef={null}
            isOpen={false}
            rootClassName=""
            style={null}
          >
            <MenuItem
              className={null}
              key="close-listing"
              rootClassName=""
            >
              <InlineTextButton
                className=""
                onClick={[Function]}
              >
                <FormattedMessage
                  id="ManageListingCard.closeListing"
                  values={Object {}}
                />
              </InlineTextButton>
            </MenuItem>
          </MenuContent>
        </Menu>
      </div>
    </div>
  </div>
  <div>
    <div>
      <div
        title={55}
      >
        55
      </div>
      <div>
        <FormattedMessage
          id="ManageListingCard.perUnit"
          values={Object {}}
        />
      </div>
    </div>
    <div>
      <div
        className=""
      >
        <span
          key="1"
          style={
            Object {
              "wordBreak": "break-all",
            }
          }
        >
          listing1
        </span>
         
        title
      </div>
    </div>
    <button
      onClick={[Function]}
    >
      <FormattedMessage
        id="ManageListingCard.edit"
        values={Object {}}
      />
    </button>
  </div>
</div>
`;
