exports[`PasswordChangePage matches snapshot 1`] = `
<Connect(PageLayout)
  title="Type new password">
  <ReduxForm
    onSubmit={[Function]} />
</Connect(PageLayout)>
`;
