exports[`ContactDetailsPage matches snapshot 1`] = `
<Connect(PageLayout)
  title="Contact details" />
`;
