exports[`SalesConversationPage matches snapshot 1`] = `
<div
  className="">
  <div
    className={undefined}>
    <div>
      <a
        className=""
        dangerouslySetInnerHTML={
          Object {
            "__html": "&#127968;",
          }
        }
        href="/"
        onClick={[Function]}
        style={Object {}} />
      <select
        className={undefined}
        onChange={[Function]}
        value="default">
        <option
          dangerouslySetInnerHTML={
            Object {
              "__html": "&#127828;",
            }
          }
          value="default" />
        <option
          value="/s">
          Search
        </option>
        <option
          value="/l/Bike-Pelago/12345">
          Listing page
        </option>
        <option
          value="/u/Bikerrs">
          Profile
        </option>
        <option
          value="/u/Bikerrs/edit">
          Edit profile
        </option>
        <option
          value="/checkout/lid1234">
          Checkout
        </option>
        <option
          value="/inbox">
          Inbox
        </option>
        <option
          value="/orders">
          Orders
        </option>
        <option
          value="/sales">
          Sales
        </option>
        <option
          value="/password/forgotten">
          Request password
        </option>
        <option
          value="/password/change">
          Change password
        </option>
        <option
          value="/listings">
          Manage listings
        </option>
        <option
          value="/account">
          Account settings
        </option>
        <option
          value="/account/contact-details">
          Contact details
        </option>
        <option
          value="/account/payout-preferences">
          Payout preferences
        </option>
        <option
          value="/account/security">
          Security
        </option>
      </select>
    </div>
    <div
      className={undefined}>
      <a
        className=""
        href="/login"
        onClick={[Function]}
        style={Object {}}>
        Login
      </a>
    </div>
  </div>
  <h1>
    Sales conversation page
  </h1>
  <p>
    Sale id: 
    12345
  </p>
  <a
    className=""
    href="/sale/12345/discussion"
    onClick={[Function]}
    style={Object {}}>
    Discussion tab
  </a>
  <br />
  <a
    className=""
    href="/sale/12345/details"
    onClick={[Function]}
    style={Object {}}>
    Details tab
  </a>
  <p>
    Mobile layout needs different views for discussion and details.
  </p>
  <p>
    Discussion view is the default if route doesn\'t specify mobile tab (e.g. 
    <i>
      /order/1234
    </i>
    )
  </p>
</div>
`;
