exports[`ManageListingsPage matches snapshot 1`] = `
<Connect(withRouter(PageLayout))
  title="Manage listings">
  <ul>
    <li>
      <withFlattenedRoutes(withRouter(NamedLink))
        name="ListingPage"
        params={
          Object {
            "id": "some-id",
            "slug": "some-slug",
          }
        }>
        Listing some-id
      </withFlattenedRoutes(withRouter(NamedLink))>
    </li>
  </ul>
</Connect(withRouter(PageLayout))>
`;
